Hello from Mojo!
This is a test.
